==5813== Memcheck, a memory error detector
==5813== Copyright (C) 2002-2013, and GNU GPL'd, by Julian Seward et al.
==5813== Using Valgrind-3.10.1 and LibVEX; rerun with -h for copyright info
==5813== Command: ./main
==5813== Parent PID: 5812
==5813== 
==5813== Use of uninitialised value of size 8
==5813==    at 0x403F5A: create_gene (GA.c:94)
==5813==    by 0x402750: main (main.c:45)
==5813== 
==5813== Use of uninitialised value of size 8
==5813==    at 0x403F6B: create_gene (GA.c:96)
==5813==    by 0x402750: main (main.c:45)
==5813== 
==5813== Use of uninitialised value of size 8
==5813==    at 0x403C1E: str_cpy (GA.c:11)
==5813==    by 0x403C61: gene_split (GA.c:18)
==5813==    by 0x403E0A: gene_to_point (GA.c:44)
==5813==    by 0x403F8F: create_gene (GA.c:100)
==5813==    by 0x402750: main (main.c:45)
==5813== 
==5813== Use of uninitialised value of size 8
==5813==    at 0x403C1E: str_cpy (GA.c:11)
==5813==    by 0x403C91: gene_split (GA.c:21)
==5813==    by 0x403E0A: gene_to_point (GA.c:44)
==5813==    by 0x403F8F: create_gene (GA.c:100)
==5813==    by 0x402750: main (main.c:45)
==5813== 
==5813== Use of uninitialised value of size 8
==5813==    at 0x403C1E: str_cpy (GA.c:11)
==5813==    by 0x403C61: gene_split (GA.c:18)
==5813==    by 0x403E0A: gene_to_point (GA.c:44)
==5813==    by 0x403EE8: cal_fit_score_gene (GA.c:65)
==5813==    by 0x403FD7: create_gene (GA.c:105)
==5813==    by 0x402750: main (main.c:45)
==5813== 
==5813== Use of uninitialised value of size 8
==5813==    at 0x403C1E: str_cpy (GA.c:11)
==5813==    by 0x403C91: gene_split (GA.c:21)
==5813==    by 0x403E0A: gene_to_point (GA.c:44)
==5813==    by 0x403EE8: cal_fit_score_gene (GA.c:65)
==5813==    by 0x403FD7: create_gene (GA.c:105)
==5813==    by 0x402750: main (main.c:45)
==5813== 
==5813== Use of uninitialised value of size 8
==5813==    at 0x403F13: cal_fit_score_gene (GA.c:86)
==5813==    by 0x403FD7: create_gene (GA.c:105)
==5813==    by 0x402750: main (main.c:45)
==5813== 
==5813== Conditional jump or move depends on uninitialised value(s)
==5813==    at 0x580C7AB: vfprintf (vfprintf.c:1661)
==5813==    by 0x5815498: printf (printf.c:33)
==5813==    by 0x4040F9: print_gene (GA.c:129)
==5813==    by 0x40275C: main (main.c:47)
==5813== 
==5813== Use of uninitialised value of size 8
==5813==    at 0x580CA03: vfprintf (vfprintf.c:1661)
==5813==    by 0x5815498: printf (printf.c:33)
==5813==    by 0x4040F9: print_gene (GA.c:129)
==5813==    by 0x40275C: main (main.c:47)
==5813== 
==5813== Conditional jump or move depends on uninitialised value(s)
==5813==    at 0x583A707: _IO_file_xsputn@@GLIBC_2.2.5 (fileops.c:1300)
==5813==    by 0x580C9C4: vfprintf (vfprintf.c:1661)
==5813==    by 0x5815498: printf (printf.c:33)
==5813==    by 0x4040F9: print_gene (GA.c:129)
==5813==    by 0x40275C: main (main.c:47)
==5813== 
==5813== Use of uninitialised value of size 8
==5813==    at 0x583A709: _IO_file_xsputn@@GLIBC_2.2.5 (fileops.c:1302)
==5813==    by 0x580C9C4: vfprintf (vfprintf.c:1661)
==5813==    by 0x5815498: printf (printf.c:33)
==5813==    by 0x4040F9: print_gene (GA.c:129)
==5813==    by 0x40275C: main (main.c:47)
==5813== 
==5813== Conditional jump or move depends on uninitialised value(s)
==5813==    at 0x583A724: _IO_file_xsputn@@GLIBC_2.2.5 (fileops.c:1300)
==5813==    by 0x580C9C4: vfprintf (vfprintf.c:1661)
==5813==    by 0x5815498: printf (printf.c:33)
==5813==    by 0x4040F9: print_gene (GA.c:129)
==5813==    by 0x40275C: main (main.c:47)
==5813== 
==5813== Use of uninitialised value of size 8
==5813==    at 0x583A71C: _IO_file_xsputn@@GLIBC_2.2.5 (fileops.c:1302)
==5813==    by 0x580C9C4: vfprintf (vfprintf.c:1661)
==5813==    by 0x5815498: printf (printf.c:33)
==5813==    by 0x4040F9: print_gene (GA.c:129)
==5813==    by 0x40275C: main (main.c:47)
==5813== 
==5813== Use of uninitialised value of size 8
==5813==    at 0x584D73E: __GI_mempcpy (memcpy.S:95)
==5813==    by 0x583A64C: _IO_file_xsputn@@GLIBC_2.2.5 (fileops.c:1320)
==5813==    by 0x580C9C4: vfprintf (vfprintf.c:1661)
==5813==    by 0x5815498: printf (printf.c:33)
==5813==    by 0x4040F9: print_gene (GA.c:129)
==5813==    by 0x40275C: main (main.c:47)
==5813== 
==5813== Use of uninitialised value of size 8
==5813==    at 0x4040FE: print_gene (GA.c:130)
==5813==    by 0x40275C: main (main.c:47)
==5813== 
==5813== Invalid read of size 1
==5813==    at 0x4C2F2F4: strcmp (in /usr/lib/valgrind/vgpreload_memcheck-amd64-linux.so)
==5813==    by 0x40111D4: _dl_name_match_p (dl-misc.c:289)
==5813==    by 0x400A05E: do_lookup_x (dl-lookup.c:462)
==5813==    by 0x400A990: _dl_lookup_symbol_x (dl-lookup.c:737)
==5813==    by 0x400F556: _dl_fixup (dl-runtime.c:111)
==5813==    by 0x4016514: _dl_runtime_resolve (dl-trampoline.S:45)
==5813==    by 0x57FD86F: __call_tls_dtors (cxa_thread_atexit_impl.c:83)
==5813==    by 0x57FD196: __run_exit_handlers (exit.c:40)
==5813==    by 0x57FD2A4: exit (exit.c:104)
==5813==    by 0x57E2ECB: (below main) (libc-start.c:321)
==5813==  Address 0x3031313130303031 is not stack'd, malloc'd or (recently) free'd
==5813== 
==5813== 
==5813== Process terminating with default action of signal 11 (SIGSEGV)
==5813==  General Protection Fault
==5813==    at 0x4C2F2F4: strcmp (in /usr/lib/valgrind/vgpreload_memcheck-amd64-linux.so)
==5813==    by 0x40111D4: _dl_name_match_p (dl-misc.c:289)
==5813==    by 0x400A05E: do_lookup_x (dl-lookup.c:462)
==5813==    by 0x400A990: _dl_lookup_symbol_x (dl-lookup.c:737)
==5813==    by 0x400F556: _dl_fixup (dl-runtime.c:111)
==5813==    by 0x4016514: _dl_runtime_resolve (dl-trampoline.S:45)
==5813==    by 0x57FD86F: __call_tls_dtors (cxa_thread_atexit_impl.c:83)
==5813==    by 0x57FD196: __run_exit_handlers (exit.c:40)
==5813==    by 0x57FD2A4: exit (exit.c:104)
==5813==    by 0x57E2ECB: (below main) (libc-start.c:321)
==5813== Jump to the invalid address stated on the next line
==5813==    at 0x3130303131468681: ???
==5813==    by 0x57D753B: ??? (in /lib/x86_64-linux-gnu/libc-2.19.so)
==5813==    by 0x40111D4: _dl_name_match_p (dl-misc.c:289)
==5813==    by 0x400A05E: do_lookup_x (dl-lookup.c:462)
==5813==    by 0x400A990: _dl_lookup_symbol_x (dl-lookup.c:737)
==5813==    by 0x400F556: _dl_fixup (dl-runtime.c:111)
==5813==    by 0x4016514: _dl_runtime_resolve (dl-trampoline.S:45)
==5813==    by 0x57FD86F: __call_tls_dtors (cxa_thread_atexit_impl.c:83)
==5813==    by 0x57FD196: __run_exit_handlers (exit.c:40)
==5813==    by 0x57FD2A4: exit (exit.c:104)
==5813==    by 0x57E2ECB: (below main) (libc-start.c:321)
==5813==  Address 0x3130303131468681 is not stack'd, malloc'd or (recently) free'd
==5813== 
==5813== 
==5813== Process terminating with default action of signal 11 (SIGSEGV)
==5813==  Bad permissions for mapped region at address 0x3130303131468681
==5813==    at 0x3130303131468681: ???
==5813==    by 0x57D753B: ??? (in /lib/x86_64-linux-gnu/libc-2.19.so)
==5813==    by 0x40111D4: _dl_name_match_p (dl-misc.c:289)
==5813==    by 0x400A05E: do_lookup_x (dl-lookup.c:462)
==5813==    by 0x400A990: _dl_lookup_symbol_x (dl-lookup.c:737)
==5813==    by 0x400F556: _dl_fixup (dl-runtime.c:111)
==5813==    by 0x4016514: _dl_runtime_resolve (dl-trampoline.S:45)
==5813==    by 0x57FD86F: __call_tls_dtors (cxa_thread_atexit_impl.c:83)
==5813==    by 0x57FD196: __run_exit_handlers (exit.c:40)
==5813==    by 0x57FD2A4: exit (exit.c:104)
==5813==    by 0x57E2ECB: (below main) (libc-start.c:321)
==5813== 
==5813== HEAP SUMMARY:
==5813==     in use at exit: 4,002,912 bytes in 25 blocks
==5813==   total heap usage: 28 allocs, 3 frees, 4,003,024 bytes allocated
==5813== 
==5813== 30 bytes in 1 blocks are possibly lost in loss record 1 of 25
==5813==    at 0x4C2B0E0: operator new(unsigned long) (in /usr/lib/valgrind/vgpreload_memcheck-amd64-linux.so)
==5813==    by 0x627F208: std::string::_Rep::_S_create(unsigned long, unsigned long, std::allocator<char> const&) (in /usr/lib/x86_64-linux-gnu/libstdc++.so.6.0.19)
==5813==    by 0x6280930: char* std::string::_S_construct<char const*>(char const*, char const*, std::allocator<char> const&, std::forward_iterator_tag) (in /usr/lib/x86_64-linux-gnu/libstdc++.so.6.0.19)
==5813==    by 0x6280D47: std::basic_string<char, std::char_traits<char>, std::allocator<char> >::basic_string(char const*, std::allocator<char> const&) (in /usr/lib/x86_64-linux-gnu/libstdc++.so.6.0.19)
==5813==    by 0x54AFD18: (anonymous namespace)::CLAHE_Impl_info() (in /usr/local/lib/libopencv_imgproc.so.2.4.9)
==5813==    by 0x531CF08: _GLOBAL__sub_I_clahe.cpp (in /usr/local/lib/libopencv_imgproc.so.2.4.9)
==5813==    by 0x4010139: call_init.part.0 (dl-init.c:78)
==5813==    by 0x4010222: call_init (dl-init.c:36)
==5813==    by 0x4010222: _dl_init (dl-init.c:126)
==5813==    by 0x4001309: ??? (in /lib/x86_64-linux-gnu/ld-2.19.so)
==5813== 
==5813== 50 bytes in 1 blocks are possibly lost in loss record 8 of 25
==5813==    at 0x4C2B0E0: operator new(unsigned long) (in /usr/lib/valgrind/vgpreload_memcheck-amd64-linux.so)
==5813==    by 0x627F208: std::string::_Rep::_S_create(unsigned long, unsigned long, std::allocator<char> const&) (in /usr/lib/x86_64-linux-gnu/libstdc++.so.6.0.19)
==5813==    by 0x6280930: char* std::string::_S_construct<char const*>(char const*, char const*, std::allocator<char> const&, std::forward_iterator_tag) (in /usr/lib/x86_64-linux-gnu/libstdc++.so.6.0.19)
==5813==    by 0x6280D47: std::basic_string<char, std::char_traits<char>, std::allocator<char> >::basic_string(char const*, std::allocator<char> const&) (in /usr/lib/x86_64-linux-gnu/libstdc++.so.6.0.19)
==5813==    by 0x531CFBB: _GLOBAL__sub_I_generalized_hough.cpp (in /usr/local/lib/libopencv_imgproc.so.2.4.9)
==5813==    by 0x4010139: call_init.part.0 (dl-init.c:78)
==5813==    by 0x4010222: call_init (dl-init.c:36)
==5813==    by 0x4010222: _dl_init (dl-init.c:126)
==5813==    by 0x4001309: ??? (in /lib/x86_64-linux-gnu/ld-2.19.so)
==5813== 
==5813== 56 bytes in 1 blocks are possibly lost in loss record 9 of 25
==5813==    at 0x4C2B0E0: operator new(unsigned long) (in /usr/lib/valgrind/vgpreload_memcheck-amd64-linux.so)
==5813==    by 0x627F208: std::string::_Rep::_S_create(unsigned long, unsigned long, std::allocator<char> const&) (in /usr/lib/x86_64-linux-gnu/libstdc++.so.6.0.19)
==5813==    by 0x6280930: char* std::string::_S_construct<char const*>(char const*, char const*, std::allocator<char> const&, std::forward_iterator_tag) (in /usr/lib/x86_64-linux-gnu/libstdc++.so.6.0.19)
==5813==    by 0x6280D47: std::basic_string<char, std::char_traits<char>, std::allocator<char> >::basic_string(char const*, std::allocator<char> const&) (in /usr/lib/x86_64-linux-gnu/libstdc++.so.6.0.19)
==5813==    by 0x531D13E: _GLOBAL__sub_I_generalized_hough.cpp (in /usr/local/lib/libopencv_imgproc.so.2.4.9)
==5813==    by 0x4010139: call_init.part.0 (dl-init.c:78)
==5813==    by 0x4010222: call_init (dl-init.c:36)
==5813==    by 0x4010222: _dl_init (dl-init.c:126)
==5813==    by 0x4001309: ??? (in /lib/x86_64-linux-gnu/ld-2.19.so)
==5813== 
==5813== 59 bytes in 1 blocks are possibly lost in loss record 10 of 25
==5813==    at 0x4C2B0E0: operator new(unsigned long) (in /usr/lib/valgrind/vgpreload_memcheck-amd64-linux.so)
==5813==    by 0x627F208: std::string::_Rep::_S_create(unsigned long, unsigned long, std::allocator<char> const&) (in /usr/lib/x86_64-linux-gnu/libstdc++.so.6.0.19)
==5813==    by 0x6280930: char* std::string::_S_construct<char const*>(char const*, char const*, std::allocator<char> const&, std::forward_iterator_tag) (in /usr/lib/x86_64-linux-gnu/libstdc++.so.6.0.19)
==5813==    by 0x6280D47: std::basic_string<char, std::char_traits<char>, std::allocator<char> >::basic_string(char const*, std::allocator<char> const&) (in /usr/lib/x86_64-linux-gnu/libstdc++.so.6.0.19)
==5813==    by 0x531D0BD: _GLOBAL__sub_I_generalized_hough.cpp (in /usr/local/lib/libopencv_imgproc.so.2.4.9)
==5813==    by 0x4010139: call_init.part.0 (dl-init.c:78)
==5813==    by 0x4010222: call_init (dl-init.c:36)
==5813==    by 0x4010222: _dl_init (dl-init.c:126)
==5813==    by 0x4001309: ??? (in /lib/x86_64-linux-gnu/ld-2.19.so)
==5813== 
==5813== 65 bytes in 1 blocks are possibly lost in loss record 11 of 25
==5813==    at 0x4C2B0E0: operator new(unsigned long) (in /usr/lib/valgrind/vgpreload_memcheck-amd64-linux.so)
==5813==    by 0x627F208: std::string::_Rep::_S_create(unsigned long, unsigned long, std::allocator<char> const&) (in /usr/lib/x86_64-linux-gnu/libstdc++.so.6.0.19)
==5813==    by 0x6280930: char* std::string::_S_construct<char const*>(char const*, char const*, std::allocator<char> const&, std::forward_iterator_tag) (in /usr/lib/x86_64-linux-gnu/libstdc++.so.6.0.19)
==5813==    by 0x6280D47: std::basic_string<char, std::char_traits<char>, std::allocator<char> >::basic_string(char const*, std::allocator<char> const&) (in /usr/lib/x86_64-linux-gnu/libstdc++.so.6.0.19)
==5813==    by 0x531D03C: _GLOBAL__sub_I_generalized_hough.cpp (in /usr/local/lib/libopencv_imgproc.so.2.4.9)
==5813==    by 0x4010139: call_init.part.0 (dl-init.c:78)
==5813==    by 0x4010222: call_init (dl-init.c:36)
==5813==    by 0x4010222: _dl_init (dl-init.c:126)
==5813==    by 0x4001309: ??? (in /lib/x86_64-linux-gnu/ld-2.19.so)
==5813== 
==5813== 108 bytes in 1 blocks are possibly lost in loss record 12 of 25
==5813==    at 0x4C2AB80: malloc (in /usr/lib/valgrind/vgpreload_memcheck-amd64-linux.so)
==5813==    by 0x4FB0217: cv::fastMalloc(unsigned long) (in /usr/local/lib/libopencv_core.so.2.4.9)
==5813==    by 0x4F02BBC: cvRegisterType (in /usr/local/lib/libopencv_core.so.2.4.9)
==5813==    by 0x4F030E3: CvType::CvType(char const*, int (*)(void const*), void (*)(void**), void* (*)(CvFileStorage*, CvFileNode*), void (*)(CvFileStorage*, char const*, void const*, CvAttrList), void* (*)(void const*)) (in /usr/local/lib/libopencv_core.so.2.4.9)
==5813==    by 0x531CE21: _GLOBAL__sub_I_histogram.cpp (in /usr/local/lib/libopencv_imgproc.so.2.4.9)
==5813==    by 0x4010139: call_init.part.0 (dl-init.c:78)
==5813==    by 0x4010222: call_init (dl-init.c:36)
==5813==    by 0x4010222: _dl_init (dl-init.c:126)
==5813==    by 0x4001309: ??? (in /lib/x86_64-linux-gnu/ld-2.19.so)
==5813== 
==5813== 109 bytes in 1 blocks are possibly lost in loss record 13 of 25
==5813==    at 0x4C2AB80: malloc (in /usr/lib/valgrind/vgpreload_memcheck-amd64-linux.so)
==5813==    by 0x4FB0217: cv::fastMalloc(unsigned long) (in /usr/local/lib/libopencv_core.so.2.4.9)
==5813==    by 0x4F02BBC: cvRegisterType (in /usr/local/lib/libopencv_core.so.2.4.9)
==5813==    by 0x4F030E3: CvType::CvType(char const*, int (*)(void const*), void (*)(void**), void* (*)(CvFileStorage*, CvFileNode*), void (*)(CvFileStorage*, char const*, void const*, CvAttrList), void* (*)(void const*)) (in /usr/local/lib/libopencv_core.so.2.4.9)
==5813==    by 0x4E7D000: _GLOBAL__sub_I_persistence.cpp (in /usr/local/lib/libopencv_core.so.2.4.9)
==5813==    by 0x4010139: call_init.part.0 (dl-init.c:78)
==5813==    by 0x4010222: call_init (dl-init.c:36)
==5813==    by 0x4010222: _dl_init (dl-init.c:126)
==5813==    by 0x4001309: ??? (in /lib/x86_64-linux-gnu/ld-2.19.so)
==5813== 
==5813== 109 bytes in 1 blocks are possibly lost in loss record 14 of 25
==5813==    at 0x4C2AB80: malloc (in /usr/lib/valgrind/vgpreload_memcheck-amd64-linux.so)
==5813==    by 0x4FB0217: cv::fastMalloc(unsigned long) (in /usr/local/lib/libopencv_core.so.2.4.9)
==5813==    by 0x4F02BBC: cvRegisterType (in /usr/local/lib/libopencv_core.so.2.4.9)
==5813==    by 0x4F030E3: CvType::CvType(char const*, int (*)(void const*), void (*)(void**), void* (*)(CvFileStorage*, CvFileNode*), void (*)(CvFileStorage*, char const*, void const*, CvAttrList), void* (*)(void const*)) (in /usr/local/lib/libopencv_core.so.2.4.9)
==5813==    by 0x4E7D09E: _GLOBAL__sub_I_persistence.cpp (in /usr/local/lib/libopencv_core.so.2.4.9)
==5813==    by 0x4010139: call_init.part.0 (dl-init.c:78)
==5813==    by 0x4010222: call_init (dl-init.c:36)
==5813==    by 0x4010222: _dl_init (dl-init.c:126)
==5813==    by 0x4001309: ??? (in /lib/x86_64-linux-gnu/ld-2.19.so)
==5813== 
==5813== 110 bytes in 1 blocks are possibly lost in loss record 15 of 25
==5813==    at 0x4C2AB80: malloc (in /usr/lib/valgrind/vgpreload_memcheck-amd64-linux.so)
==5813==    by 0x4FB0217: cv::fastMalloc(unsigned long) (in /usr/local/lib/libopencv_core.so.2.4.9)
==5813==    by 0x4F02BBC: cvRegisterType (in /usr/local/lib/libopencv_core.so.2.4.9)
==5813==    by 0x4F030E3: CvType::CvType(char const*, int (*)(void const*), void (*)(void**), void* (*)(CvFileStorage*, CvFileNode*), void (*)(CvFileStorage*, char const*, void const*, CvAttrList), void* (*)(void const*)) (in /usr/local/lib/libopencv_core.so.2.4.9)
==5813==    by 0x4E7D0ED: _GLOBAL__sub_I_persistence.cpp (in /usr/local/lib/libopencv_core.so.2.4.9)
==5813==    by 0x4010139: call_init.part.0 (dl-init.c:78)
==5813==    by 0x4010222: call_init (dl-init.c:36)
==5813==    by 0x4010222: _dl_init (dl-init.c:126)
==5813==    by 0x4001309: ??? (in /lib/x86_64-linux-gnu/ld-2.19.so)
==5813== 
==5813== 112 bytes in 1 blocks are possibly lost in loss record 16 of 25
==5813==    at 0x4C2AB80: malloc (in /usr/lib/valgrind/vgpreload_memcheck-amd64-linux.so)
==5813==    by 0x4FB0217: cv::fastMalloc(unsigned long) (in /usr/local/lib/libopencv_core.so.2.4.9)
==5813==    by 0x4F02BBC: cvRegisterType (in /usr/local/lib/libopencv_core.so.2.4.9)
==5813==    by 0x4F030E3: CvType::CvType(char const*, int (*)(void const*), void (*)(void**), void* (*)(CvFileStorage*, CvFileNode*), void (*)(CvFileStorage*, char const*, void const*, CvAttrList), void* (*)(void const*)) (in /usr/local/lib/libopencv_core.so.2.4.9)
==5813==    by 0x4E7CF62: _GLOBAL__sub_I_persistence.cpp (in /usr/local/lib/libopencv_core.so.2.4.9)
==5813==    by 0x4010139: call_init.part.0 (dl-init.c:78)
==5813==    by 0x4010222: call_init (dl-init.c:36)
==5813==    by 0x4010222: _dl_init (dl-init.c:126)
==5813==    by 0x4001309: ??? (in /lib/x86_64-linux-gnu/ld-2.19.so)
==5813== 
==5813== 113 bytes in 1 blocks are possibly lost in loss record 17 of 25
==5813==    at 0x4C2AB80: malloc (in /usr/lib/valgrind/vgpreload_memcheck-amd64-linux.so)
==5813==    by 0x4FB0217: cv::fastMalloc(unsigned long) (in /usr/local/lib/libopencv_core.so.2.4.9)
==5813==    by 0x4F02BBC: cvRegisterType (in /usr/local/lib/libopencv_core.so.2.4.9)
==5813==    by 0x4F030E3: CvType::CvType(char const*, int (*)(void const*), void (*)(void**), void* (*)(CvFileStorage*, CvFileNode*), void (*)(CvFileStorage*, char const*, void const*, CvAttrList), void* (*)(void const*)) (in /usr/local/lib/libopencv_core.so.2.4.9)
==5813==    by 0x4E7D13C: _GLOBAL__sub_I_persistence.cpp (in /usr/local/lib/libopencv_core.so.2.4.9)
==5813==    by 0x4010139: call_init.part.0 (dl-init.c:78)
==5813==    by 0x4010222: call_init (dl-init.c:36)
==5813==    by 0x4010222: _dl_init (dl-init.c:126)
==5813==    by 0x4001309: ??? (in /lib/x86_64-linux-gnu/ld-2.19.so)
==5813== 
==5813== 117 bytes in 1 blocks are possibly lost in loss record 18 of 25
==5813==    at 0x4C2AB80: malloc (in /usr/lib/valgrind/vgpreload_memcheck-amd64-linux.so)
==5813==    by 0x4FB0217: cv::fastMalloc(unsigned long) (in /usr/local/lib/libopencv_core.so.2.4.9)
==5813==    by 0x4F02BBC: cvRegisterType (in /usr/local/lib/libopencv_core.so.2.4.9)
==5813==    by 0x4F030E3: CvType::CvType(char const*, int (*)(void const*), void (*)(void**), void* (*)(CvFileStorage*, CvFileNode*), void (*)(CvFileStorage*, char const*, void const*, CvAttrList), void* (*)(void const*)) (in /usr/local/lib/libopencv_core.so.2.4.9)
==5813==    by 0x4E7CFB1: _GLOBAL__sub_I_persistence.cpp (in /usr/local/lib/libopencv_core.so.2.4.9)
==5813==    by 0x4010139: call_init.part.0 (dl-init.c:78)
==5813==    by 0x4010222: call_init (dl-init.c:36)
==5813==    by 0x4010222: _dl_init (dl-init.c:126)
==5813==    by 0x4001309: ??? (in /lib/x86_64-linux-gnu/ld-2.19.so)
==5813== 
==5813== 117 bytes in 1 blocks are possibly lost in loss record 19 of 25
==5813==    at 0x4C2AB80: malloc (in /usr/lib/valgrind/vgpreload_memcheck-amd64-linux.so)
==5813==    by 0x4FB0217: cv::fastMalloc(unsigned long) (in /usr/local/lib/libopencv_core.so.2.4.9)
==5813==    by 0x4F02BBC: cvRegisterType (in /usr/local/lib/libopencv_core.so.2.4.9)
==5813==    by 0x4F030E3: CvType::CvType(char const*, int (*)(void const*), void (*)(void**), void* (*)(CvFileStorage*, CvFileNode*), void (*)(CvFileStorage*, char const*, void const*, CvAttrList), void* (*)(void const*)) (in /usr/local/lib/libopencv_core.so.2.4.9)
==5813==    by 0x4E7D04F: _GLOBAL__sub_I_persistence.cpp (in /usr/local/lib/libopencv_core.so.2.4.9)
==5813==    by 0x4010139: call_init.part.0 (dl-init.c:78)
==5813==    by 0x4010222: call_init (dl-init.c:36)
==5813==    by 0x4010222: _dl_init (dl-init.c:126)
==5813==    by 0x4001309: ??? (in /lib/x86_64-linux-gnu/ld-2.19.so)
==5813== 
==5813== 168 bytes in 1 blocks are definitely lost in loss record 21 of 25
==5813==    at 0x4C2AB80: malloc (in /usr/lib/valgrind/vgpreload_memcheck-amd64-linux.so)
==5813==    by 0x4FB0217: cv::fastMalloc(unsigned long) (in /usr/local/lib/libopencv_core.so.2.4.9)
==5813==    by 0x4EE0F2D: cvCreateImageHeader (in /usr/local/lib/libopencv_core.so.2.4.9)
==5813==    by 0x4EE0F55: cvCreateImage (in /usr/local/lib/libopencv_core.so.2.4.9)
==5813==    by 0x402634: main (main.c:34)
==5813== 
==5813== 1,000,192 (168 direct, 1,000,024 indirect) bytes in 1 blocks are definitely lost in loss record 24 of 25
==5813==    at 0x4C2AB80: malloc (in /usr/lib/valgrind/vgpreload_memcheck-amd64-linux.so)
==5813==    by 0x4FB0217: cv::fastMalloc(unsigned long) (in /usr/local/lib/libopencv_core.so.2.4.9)
==5813==    by 0x4EE0F2D: cvCreateImageHeader (in /usr/local/lib/libopencv_core.so.2.4.9)
==5813==    by 0x4EE0F55: cvCreateImage (in /usr/local/lib/libopencv_core.so.2.4.9)
==5813==    by 0x40271D: main (main.c:40)
==5813== 
==5813== 3,000,024 bytes in 1 blocks are possibly lost in loss record 25 of 25
==5813==    at 0x4C2AB80: malloc (in /usr/lib/valgrind/vgpreload_memcheck-amd64-linux.so)
==5813==    by 0x4FB0217: cv::fastMalloc(unsigned long) (in /usr/local/lib/libopencv_core.so.2.4.9)
==5813==    by 0x4ED09BC: cvCreateData (in /usr/local/lib/libopencv_core.so.2.4.9)
==5813==    by 0x4EE0F60: cvCreateImage (in /usr/local/lib/libopencv_core.so.2.4.9)
==5813==    by 0x402634: main (main.c:34)
==5813== 
==5813== LEAK SUMMARY:
==5813==    definitely lost: 336 bytes in 2 blocks
==5813==    indirectly lost: 1,000,024 bytes in 1 blocks
==5813==      possibly lost: 3,001,179 bytes in 14 blocks
==5813==    still reachable: 1,373 bytes in 8 blocks
==5813==         suppressed: 0 bytes in 0 blocks
==5813== Reachable blocks (those to which a pointer was found) are not shown.
==5813== To see them, rerun with: --leak-check=full --show-leak-kinds=all
==5813== 
==5813== For counts of detected and suppressed errors, rerun with: -v
==5813== Use --track-origins=yes to see where uninitialised values come from
==5813== ERROR SUMMARY: 166 errors from 33 contexts (suppressed: 0 from 0)
